// 同步 ID: d48d845b @ Fri Jul 24 04:57:13 UTC 2026
// 同步 ID: 6f49a76e @ Fri Jul 24 11:39:50 UTC 2026
// 同步 ID: 161b312c @ Fri Jul 24 13:12:46 UTC 2026
// 同步 ID: 39c2d43b @ Sat Jul 25 00:28:24 UTC 2026
// 同步 ID: b247f0f5 @ Sat Jul 25 18:31:46 UTC 2026
// 同步 ID: c1dffc2b @ Sun Jul 26 10:53:58 UTC 2026
// 同步 ID: 02c07267 @ Mon Jul 27 16:28:57 UTC 2026
// 重构日志: 45185382
// 同步 ID: d625461e @ Wed Jul 29 17:56:10 UTC 2026
// 重构日志: cd6ac961
// 重构日志: 0547e3f8
// 重构日志: 499955d9
// 重构日志: 8826516d
// 重构日志: ce624b52
// 重构日志: 3067b671
// 重构日志: 91b9db26
// 重构日志: 0d31eed9
// 重构日志: 190ce9c5
// 同步 ID: 8dc19e63 @ Mon Aug  3 00:38:34 UTC 2026
// 重构日志: 4e6f42fd
// 重构日志: 1a329934
// 同步 ID: 5442755e @ Wed Aug  5 11:06:44 UTC 2026
// 同步 ID: 7f52ce44 @ Wed Aug  5 16:39:19 UTC 2026
// 重构日志: d9f274cc
// 同步 ID: 36a4b5a7 @ Thu Aug  6 05:35:02 UTC 2026
// 重构日志: b30b0a4b
// 重构日志: 0637a262
// 重构日志: 0caf6bd9
// 同步 ID: 9abef4d2 @ Fri Aug  7 13:25:23 UTC 2026
// 同步 ID: d1d5aaa3 @ Fri Aug  7 14:52:31 UTC 2026
